11:56:29 **** Incremental Build of configuration Debug for project Test ****
make -j9 all 
arm-none-eabi-gcc "../Core/Src/tasks_setup.c" -mcpu=cortex-m4 -std=gnu11 -g3 -DDEBUG -DUSE_HAL_DRIVER -DSTM32F446xx -c -I../Core/Inc -I"/Users/ubaldot/Documents/embedded/stm32_workspace/Test/components" -I/Users/ubaldot/STM32Cube/Repository/STM32Cube_FW_F4_V1.28.0/Drivers/STM32F4xx_HAL_Driver/Inc -I/Users/ubaldot/STM32Cube/Repository/STM32Cube_FW_F4_V1.28.0/Drivers/STM32F4xx_HAL_Driver/Inc/Legacy -I/Users/ubaldot/STM32Cube/Repository/STM32Cube_FW_F4_V1.28.0/Drivers/CMSIS/Device/ST/STM32F4xx/Include -I/Users/ubaldot/STM32Cube/Repository/STM32Cube_FW_F4_V1.28.0/Drivers/CMSIS/Include -I/Users/ubaldot/STM32Cube/Repository/STM32Cube_FW_F4_V1.28.0/Middlewares/Third_Party/FreeRTOS/Source/include -I/Users/ubaldot/STM32Cube/Repository/STM32Cube_FW_F4_V1.28.0/Middlewares/Third_Party/FreeRTOS/Source/CMSIS_RTOS_V2 -I/Users/ubaldot/STM32Cube/Repository/STM32Cube_FW_F4_V1.28.0/Middlewares/Third_Party/FreeRTOS/Source/portable/GCC/ARM_CM4F -O0 -ffunction-sections -fdata-sections -Wall -fstack-usage -fcyclomatic-complexity -MMD -MP -MF"Core/Src/tasks_setup.d" -MT"Core/Src/tasks_setup.o" --specs=nano.specs -mfpu=fpv4-sp-d16 -mfloat-abi=hard -mthumb -o "Core/Src/tasks_setup.o"
../Core/Src/tasks_setup.c: In function 'tasks_setup':
../Core/Src/tasks_setup.c:59:14: warning: variable 'xReturned200ms' set but not used [-Wunused-but-set-variable]
   59 |   BaseType_t xReturned200ms;
      |              ^~~~~~~~~~~~~~
../Core/Src/tasks_setup.c:49:14: warning: variable 'xReturned1000ms' set but not used [-Wunused-but-set-variable]
   49 |   BaseType_t xReturned1000ms;
      |              ^~~~~~~~~~~~~~~
arm-none-eabi-gcc -o "Test.elf" @"objects.list"   -mcpu=cortex-m4 -T"/Users/ubaldot/Documents/embedded/stm32_workspace/Test/STM32F446RETX_FLASH.ld" --specs=nosys.specs -Wl,-Map="Test.map" -Wl,--gc-sections -static --specs=nano.specs -mfpu=fpv4-sp-d16 -mfloat-abi=hard -mthumb -Wl,--start-group -lc -lm -Wl,--end-group
Finished building target: Test.elf
 
arm-none-eabi-size  Test.elf 
arm-none-eabi-objdump -h -S Test.elf  > "Test.list"
   text	   data	    bss	    dec	    hex	filename
  21864	    108	  18756	  40728	   9f18	Test.elf
Finished building: default.size.stdout
 
Finished building: Test.list
 
